      ≈▒ΩΩ                                                              
      ≈≈≈ΩΩΩ                                                            
 ΩΩΩΩΩ≈≈≈≈ΩΩΩΩΩΩΩ ▒▒▒▒▒▒▒▒▒▒                                            
 Ω▒ΩΩΩΩ≈≈≈≈ΩΩΩΩΩ▒▒▒∙∙∙∙∙∙∙∙∙                                            
 Ω>∙∙∙∙Ω≈≈≈≈∙∙∙∙∙∙∙∙▒▒▒▒▒▒▒▒                                            
▒ΩΩ∙∙∙Ω∙∙≈≈≈∙Ω∙∙∙∙∙∙▒                                                   
▒ΩΩ∙∙∙∙∙∙≈≈≈∙∙∙Ω∙∙∙∙▒                         ∙∙∙                       
▒Ω∙∙∙ΩΩ∙∙≈≈≈≈∙∙∙∙∙∙∙▒                        8∙∙∙8                      
▒Ω∙∙)∙Ω∙∙≈≈≈≈∙∙∙∙∙∙∙▒▒▒▒▒▒▒▒▒                ▒∙∙∙▒              ▒▒▒▒▒▒  
▒Ω∙∙∙∙Ω∙∙≈≈≈≈∙∙∙∙∙∙∙∙∙∙∙∙∙∙∙▒                ▒∙∙∙▒               ∙∙∙∙▒  
▒Ω∙∙▄∙∙∙∙∙≈≈≈∙∙∙∙∙∙∙▒▒▒▒▒▒▒▒▒               ▒▒∙∙∙▒▒              ▒∙∙∙▒  
▒ΩΩ∙∙∙∙∙∙∙≈≈≈∙∙∙∙∙∙∙▒▒∙∙∙∙                  ▒8∙∙∙8        ▒▒▒▒▒▒▒▒∙∙∙▒  
▒Ω<ΩΩ∙Ω∙∙∙≈≈≈≈∙∙∙∙∙∙▒▒∙∙∙∙∙∙▒      ∙∙▒    ▒▒ ▒∙∙∙▒▒▒▒ ▒▒▒ ▒∙∙∙∙∙∙∙∙∙∙▒  
▒ΩΩΩ▒ΩΩΩΩΩΩ≈≈≈ΩΩΩ▒▒∙▒▒∙∙∙∙∙∙▒      ▒∙▒▒8▒▒▒8▒▒∙∙∙▒▒8▒▒▒8▒▒▒∙∙∙∙∙∙∙∙∙∙▒  
▒Ω▒ΩΩΩΩΩΩΩΩ≈≈≈≈ΩΩ▒▒∙▒▒∙∙∙∙∙∙▒      ▒∙∙∙∙∙∙∙∙∙∙∙∙∙∙∙∙∙∙∙∙∙∙▒∙∙∙∙∙∙∙∙∙∙▒  
          ΩΩ≈≈≈≈  ▒∙▒▒∙∙∙∙∙∙▒      ▒∙∙∙∙∙∙∙∙∙∙∙⌠∙∙∙∙∙∙∙∙∙∙▒∙∙∙∙∙∙∙∙∙∙▒  
           ΩΩΩ    ▒∙▒▒∙∙∙∙∙∙▒      ▒∙∙ ∙∙∙∙∙∙∙∙∙∙∙∙∙∙∙∙∙∙∙▒∙∙∙∙∙∙>∙∙∙▒▒▒
        ▒▒▒▒▒▒▒▒▒▒▒∙▒▒∙∙∙∙∙∙▒      ▒∙▒ 8▒▒▒8▒▒∙∙∙▒▒8▒▒▒8▒∙∙∙∙∙∙∙∙∙∙∙∙∙∙▒
         ∙∙∙∙∙∙∙∙∙∙∙▒▒∙∙∙∙∙∙▒     ▒▒∙▒▒▒▒▒▒▒▒▒∙∙∙▒▒▒▒▒▒▒▒∙▒▒▒▒∙∙∙∙∙∙∙∙∙▒
    ▒▒▒▒▒▒▒∙▒▒▒▒▒∙▒▒▒▒∙∙∙∙∙∙▒▒▒▒▒▒▒∙∙∙∙∙∙∙∙∙▒8∙∙∙8▒∙∙∙∙∙∙∙▒▒▒▒▒∙▒▒∙∙∙∙∙▒
   ∙∙∙∙∙∙<∙∙∙∙∙∙∙∙∙∙∙∙∙∙∙∙∙∙∙∙∙∙∙∙∙∙)∙∙∙∙∙∙∙▒▒∙∙∙▒▒∙∙∙∙∙∙∙∙∙∙∙∙∙▒▒∙∙∙∙∙▒
    ▒▒▒▒▒▒▒∙▒▒▒▒▒∙▒▒▒▒▒▒▒▒▒∙▒▒∙▒▒▒▒▒∙▒▒∙▒▒▒▒▒▒∙∙∙▒▒▒∙▒▒▒▒▒▒▒▒▒∙∙▒▒∙∙∙∙∙▒
          ▒∙▒▒▒▒▒∙▒▒▒▒▒▒▒∙∙∙▒▒∙▒   ▒∙▒▒∙▒   ▒▒∙∙∙▒▒▒∙▒       ▒∙∙▒▒∙∙∙∙∙▒
          ▒∙∙∙∙∙∙∙∙∙∙∙∙∙∙∙∙∙▒▒∙▒   ▒∙▒▒∙▒▒▒▒▒8∙∙∙8▒▒∙▒▒▒▒▒▒▒▒▒∙∙▒▒^∙∙∙∙▒
          ▒∙▒▒▒▒▒∙▒▒▒▒▒▒▒∙∙∙▒▒∙▒▒▒▒▒∙▒▒∙∙∙∙∙▒▒∙∙∙▒▒∙∙∙∙∙∙∙∙∙∙∙∙∙∙∙∙∙∙∙∙▒
          ▒∙▒   ▒∙∙∙∙∙∙∙∙∙∙∙∙^∙∙∙∙∙∙∙∙∙∙∙∙∙∙∙∙∙∙∙∙∙∙∙▒▒▒▒▒▒▒▒▒∙∙▒▒∙▒▒▒▒▒
          ▒∙▒   ▒∙∙∙∙∙▒▒▒∙∙∙▒▒∙▒▒▒▒▒∙▒▒∙▒▒▒▒▒▒▒▒▒▒▒▒▒▒       ▒∙∙▒▒∙▒    
          ▒∙▒   ▒∙∙∙∙∙▒ ▒∙∙∙▒▒∙▒   ▒∙▒▒∙▒                    ▒∙∙▒▒∙▒    
          ▒∙▒   ▒∙∙∙∙∙▒ ▒∙∙∙▒▒∙▒   ▒∙▒▒∙▒                    ▒∙∙▒▒∙▒    
          ▒∙▒   ▒∙∙∙∙∙▒ ▒▒▒▒▒▒∙▒      ▒∙▒                    ▒∙∙▒▒∙▒    
          ▒∙▒   ▒∙∙∙∙∙                ▒∙▒                    ▒∙∙▒▒∙▒    
           ∙    ▒∙∙                   ▒∙▒                    ▒∙∙▒▒∙▒    
                                       ∙                      ∙∙▒▒∙▒    
                                                                 ▒∙▒    
                                                                 ▒∙▒    
                                                                 ▒∙▒    
                                                                 ▒∙▒    
                                                                 ▒∙▒    
                                                                 ▒∙▒    
                                                                 ▒∙▒    
                                                                 ▒∙▒    
                                                                 ▒∙▒    
                                                                 ▒∙▒    
                                                                 ▒∙▒    
                                                             ▒∙∙▒▒∙▒    
                                                             ▒∙∙▒▒∙▒    
                                                             ▒∙∙▒▒∙▒    
                                                       ∙     ▒∙∙▒▒∙▒    
                                                      ∙∙∙    ▒∙∙▒▒∙▒    
                                                      ∙∙∙∙   ▒∙∙▒▒∙▒    
                                                      ∙∙∙∙∙  ▒∙∙▒▒)▒    
                                                     ∙∙∙∙∙∙∙▒▒∙∙▒▒∙▒    
                                                     ∙∙∙∙∙∙∙∙∙∙∙∙∙∙▒    
                                                     ∙∙∙∙∙∙∙▒▒∙∙▒▒▒▒    
                                                      ▒▒▒▒▒  ▒∙∙▒       
                                                             ▒∙∙▒       
                                                             ▒∙∙∙       
                                                             ▒∙∙∙∙      
                                                             ▒∙∙∙∙∙     
                                                             ∙∙∙∙∙∙     
                                                             ▒▒▒▒       
