                               ΩΩΩ ΩΩΩ                                         
                        ΩΩΩΩΩ ΩΩΩΩΩ ΩΩΩΩΩΩΩΩΩ     ΩΩΩ                          
                       ≈Ω≈≈Ω≈ΩΩ≈≈≈≈ΩΩ≈ΩΩ≈≈≈≈ΩΩΩΩΩΩ#≈Ω≈                         
                   ΩΩ≈ΩΩΩ≈Ω≈Ω≈#≈ Ω≈ΩΩΩ#≈≈ΩΩΩΩΩΩΩΩΩ≈ΩΩ≈≈                        
                Ω≈≈≈≈ΩΩ≈Ω≈ΩΩΩΩ≈ΩΩΩΩ≈##≈ΩΩΩ≈ΩΩ≈ΩΩΩ≈ΩΩ≈≈ΩΩ                       
               ≈≈∙∙∙∙∙∙≈≈≈≈≈≈PΩΩΩΩΩ≈Ω≈Ω≈≈≈Ω≈≈≈≈#Ω≈Ω≈≈≈≈Ω≈                      
              ∙∙∙≈≈≈∙≈≈∙≈∙≈≈∙∙∙∙∙≈≈Ω≈Ω≈≈∙∙∙∙∙≈#∙≈≈∙#≈∙∙≈≈Ω                     
             ∙∙∙∙≈≈≈{≈≈≈≈≈#≈≈∙≈#)Ω≈Ω≈∙∙≈∙≈≈∙∙≈≈≈#∙≈≈≈≈#≈∙∙                     
            J≈≈≈≈≈≈≈∙∙≈≈∙∙≈#∙≈≈≈≈≈≈≈∙≈#≈∙≈≈≈∙#≈∙∙≈≈≈∙≈≈#≈≈                     
            ∙≈∙≈≈∙≈≈≈∙≈≈∙∙≈∙∙≈≈≈#%#≈∙≈≈≈≈∙≈∙#Ω≈≈≈≈≈≈∙≈≈≈≈≈∙                    
            ∙∙≈∙∙≈≈Ω#∙≈≈∙∙∙∙≈≈≈≈∙∙≈≈∙≈≈≈≈≈≈≈∙≈ΩΩ∙∙∙∙∙≈≈∙∙∙∙≈                   
           ≈∙∙∙∙∙≈Ω≈∙∙∙∙∙∙∙∙≈≈≈≈≈≈≈Ω≈∙∙∙∙≈≈≈≈≈≈#≈∙≈#≈≈≈#∙∙≈Ω#                  
           ∙∙##≈∙≈≈∙≈≈≈∙∙≈≈≈∙≈≈≈∙≈≈≈∙∙∙∙∙≈≈≈∙≈Ω≈≈∙∙≈≈≈≈≈≈≈∙≈<                  
           ∙∙≈##≈∙∙∙≈≈≈∙≈≈∙∙∙≈≈≈∙∙∙∙∙∙∙∙∙≈≈≈∙≈≈Ω≈≈∙#≈≈≈≈≈∙∙≈∙                  
            ∙∙∙∙∙∙∙≈≈≈≈∙∙≈∙∙≈≈≈≈∙≈∙∙∙∙∙∙≈≈≈≈≈!≈ΩΩ≈≈∙∙≈≈∙∙∙∙∙∙≈                 
            ≈∙#≈∙∙∙∙≈≈∙≈∙∙≈≈≈≈≈≈≈∙(∙∙≈≈∙≈≈≈≈#∙≈≈≈≈≈∙∙∙≈∙∙##≈#∙∙                
            ≈∙∙∙#≈≈≈≈≈∙∙∙≈≈≈∙≈≈∙∙∙∙∙≈≈≈∙∙≈≈≈≈∙≈∙≈≈≈∙∙∙≈≈∙≈≈≈≈#≈≈               
             ≈#≈≈≈≈≈∙∙∙≈≈∙∙#≈∙∙≈∙∙∙≈≈≈≈≈∙≈≈∙∙∙∙∙∙≈∙∙∙≈≈≈≈≈≈≈≈≈≈∙               
              #≈≈≈≈≈≈≈ΩΩΩ≈∙≈∙≈Ω∙∙≈#≈∙∙∙Ω≈∙≈≈∙∙#≈∙∙≈≈∙#≈≈≈≈≈≈≈#≈∙≈              
               ∙∙#≈∙≈≈Ω≈≈≈∙∙ΩΩ≈∙∙≈≈≈≈≈∙≈∙≈≈≈≈#∙∙≈∙≈≈≈∙≈#≈≈≈≈∙∙∙∙∙∙             
                  #∙∙#≈≈≈∙∙∙≈≈∙≈≈∙∙≈≈≈≈Ω∙≈≈#∙#≈≈≈≈≈≈≈∙∙∙∙≈≈#∙∙∙∙∙∙             
                   ≈∙≈≈≈∙∙#≈∙∙∙∙#≈≈≈≈≈∙≈∙∙∙∙≈∙∙#≈≈≈≈≈≈≈≈≈∙≈≈≈≈≈≈≈∙#            
                    ∙≈≈∙≈≈≈≈≈≈∙∙Ω#≈Ω≈∙≈∙≈∙∙∙≈≈∙∙#≈≈≈≈∙#≈Ω#≈≈≈≈≈≈≈≈∙≈           
                    ≈∙≈≈≈≈≈≈≈≈#∙≈Ω#ΩΩ∙∙∙∙≈≈≈∙∙∙∙∙≈≈∙∙≈≈ΩΩΩ#≈≈≈≈≈≈≈∙≈≈          
                    ∙≈#≈≈≈#≈≈≈≈∙≈≈≈Ω≈Ω#≈∙≈∙≈≈∙∙∙∙∙∙≈Ω≈ΩΩΩ≈∙∙≈≈≈≈∙>∙≈≈Ω         
                     ≈≈≈≈#≈≈≈≈≈∙∙≈≈∙≈≈Ω≈≈∙∙∙∙∙∙∙∙D≈≈≈ΩΩΩ≈∙∙∙∙∙∙≈≈∙∙≈∙≈         
                      ≈≈≈≈≈∙≈≈#≈≈≈≈∙Ω≈≈Ω≈≈≈#∙≈≈≈Ω≈Ω#≈##∙∙∙∙∙∙∙∙∙≈≈≈≈≈∙         
                       ≈≈≈≈≈≈≈≈≈≈≈# ≈Ω≈≈Ω∙≈#∙≈≈∙Ω≈ΩΩ≈∙≈≈≈≈∙∙∙∙≈∙≈≈∙≈#∙∙        
                        ≈≈≈≈≈≈≈≈∙Ω   ≈#Ω≈≈≈#≈≈≈∙Ω≈≈≈Ω∙∙∙≈≈#∙∙∙≈≈{≈≈≈∙≈∙        
                           ≈≈≈≈      Ω≈Ω≈∙≈∙≈#≈≈##Ω≈≈Ω≈≈≈∙≈≈≈∙≈≈∙∙∙∙∙∙∙        
                                     ≈#∙∙≈≈≈∙ΩΩ≈Ω≈#≈Ω≈≈≈∙∙∙∙≈∙∙≈∙≈#≈≈≈≈∙       
                                      ∙∙≈≈≈≈∙≈Ω#≈≈≈≈ΩΩ≈≈∙∙≈∙∙∙∙∙≈Ω≈≈∙≈≈#≈      
                                       ≈≈≈≈≈≈≈≈≈∙≈∙  Ω#∙≈#≈≈≈∙∙∙≈≈Ω≈≈∙≈≈≈≈     
                                        ≈≈≈≈≈∙≈≈≈    ≈∙#≈≈≈≈≈∙∙≈Ω##≈Ω≈∙≈Ω≈≈    
                                           ≈≈≈        ≈∙∙≈≈≈≈∙∙∙∙≈≈#Ω≈≈≈≈#Ω≈   
                                                      ∙≈≈∙≈≈∙≈≈≈∙∙∙ΩΩ≈≈≈≈≈Ω≈   
                                                      ∙∙Ω≈∙≈∙≈≈≈≈#∙∙∙∙∙∙∙≈≈≈   
                                                       ≈Ω≈∙∙≈≈≈≈≈∙∙∙∙∙≈≈∙≈Ω≈Ω  
                                          ∙∙≈           #≈≈∙≈≈≈≈≈≈≈≈∙≈≈#∙∙Ω≈≈  
                                       ≈Ω≈∙∙∙∙∙∙         ≈≈≈∙≈≈≈≈≈≈∙#≈≈∙≈#ΩΩ≈≈ 
                                   ≈∙∙∙≈≈≈≈∙#∙≈≈∙         ≈≈≈∙∙≈≈≈≈)∙∙∙∙≈Ω≈Ω≈≈Ω
                                ≈≈≈≈≈≈≈≈≈≈Ω≈≈≈≈≈≈≈∙        Ω≈≈∙≈≈≈≈∙∙∙∙∙∙ΩΩΩΩ≈Ω
      ∙≈≈                      ≈≈#≈≈≈≈≈≈∙#≈∙∙≈≈≈≈∙∙∙        ≈≈∙≈∙∙∙∙≈∙∙≈∙Ω≈≈Ω≈Ω
   ≈≈#)∙#≈Ω≈                ≈≈∙≈≈≈≈≈≈≈≈∙∙∙#≈≈#{≈≈∙∙∙∙       #≈#∙≈≈∙∙∙≈∙∙≈#ΩΩΩΩ 
    ≈≈∙∙≈≈≈Ω≈            ≈≈≈∙∙∙≈≈≈≈≈≈≈≈∙∙≈≈≈≈≈≈≈≈≈∙∙∙Ω      ≈≈≈≈≈∙∙≈≈≈∙∙∙∙ΩΩΩΩ 
    Ω∙≈#≈#≈≈≈≈          ≈≈∙∙∙≈#≈≈≈≈≈≈≈≈≈≈≈≈≈∙##≈≈≈≈≈∙∙     ≈≈≈∙≈∙)≈Ω≈≈∙≈≈#∙≈ΩΩ 
   ΩΩ≈≈≈≈≈≈≈≈≈≈        ∙≈∙≈∙∙∙≈≈≈≈≈∙∙∙≈≈≈≈∙∙∙≈≈≈≈≈≈≈∙≈    ≈≈≈∙∙∙#∙∙ΩΩΩ∙≈≈≈≈Ω≈ΩΩ
   Ω#Ω≈∙∙≈≈≈≈≈≈≈      ≈∙∙∙≈≈#∙∙∙∙∙∙∙∙[∙≈≈∙≈≈∙≈≈∙∙∙≈≈∙≈≈  ≈≈≈∙∙∙≈≈≈∙Ω≈≈∙≈≈∙≈≈Ω≈Ω
   ΩΩΩ≈#≈≈≈≈≈≈≈≈≈    ≈≈≈∙∙≈∙∙≈∙∙≈≈≈∙∙∙∙∙∙∙∙∙∙∙#∙∙∙∙∙≈≈≈ ∙≈∙≈≈≈≈≈≈≈∙#≈∙∙∙∙∙≈≈≈ΩΩ
  ΩΩΩ≈≈∙∙≈≈≈≈≈≈≈≈   ≈≈≈≈≈∙≈∙∙#≈≈≈∙#∙∙∙≈∙∙≈≈≈∙≈≈≈≈∙∙≈≈≈≈≈∙∙∙≈≈≈∙≈≈#∙Ω≈∙∙≈∙≈∙ΩΩΩΩ
 ΩΩΩΩ≈(<∙∙≈≈≈≈#∙≈  #≈∙≈≈≈∙∙∙∙∙∙#≈≈∙∙∙≈≈∙∙≈≈#∙≈≈≈≈≈≈#≈≈≈≈≈≈∙≈Ω≈≈≈≈≈≈≈Ω≈∙∙##≈≈ΩΩ 
ΩΩΩΩ≈≈<∙∙∙∙≈≈≈∙≈≈Ω≈∙∙∙#≈≈∙≈≈#∙∙∙∙≈∙∙∙≈Ω≈∙∙∙∙∙≈≈≈≈∙∙≈≈≈≈#≈{∙≈#∙∙≈≈∙≈∙∙∙∙∙∙≈≈ΩΩ≈Ω
ΩΩ≈≈≈∙∙≈∙∙∙≈≈≈≈ΩΩ≈≈#∙∙≈≈≈∙Ω≈∙≈≈≈∙≈≈≈∙≈≈ΩΩ##≈∙∙#≈≈≈≈≈≈≈≈#≈≈∙≈Ω≈∙≈∙#∙∙≈∙≈#≈Ω≈≈≈≈ 
ΩΩΩΩΩ≈≈≈∙≈≈∙∙∙≈ΩΩΩΩ≈∙#≈#∙∙≈≈∙≈≈≈≈≈≈≈∙Ω≈Ω≈≈≈Ω∙≈≈≈∙≈≈≈≈≈≈≈≈≈∙∙Ω≈≈≈≈≈≈≈≈≈≈≈Ω#Ω≈ΩΩ 
ΩΩΩΩ≈Ω#∙∙∙≈∙#≈≈≈ΩΩΩΩ∙∙≈≈∙<∙#∙≈≈≈≈∙∙∙≈ΩΩΩ≈Ω≈≈≈≈>≈∙≈≈∙∙≈≈≈≈≈≈≈≈≈Ω#≈Ωf≈≈≈≈≈≈ΩΩ≈Ω≈ 
ΩΩ#≈≈≈≈Ω≈≈≈#Ω#ΩΩ≈∙∙≈#∙#≈∙∙≈≈∙≈≈≈≈∙∙ΩΩ≈Ω≈≈≈∙∙∙∙∙∙∙∙∙∙#≈≈≈≈≈≈≈≈ΩΩ≈ΩΩ#∙≈∙Ω≈≈Ω≈##  
ΩΩ≈≈Ω≈≈Ω≈≈≈ΩΩ≈Ω≈≈≈≈≈≈≈≈∙≈∙≈≈∙∙∙∙≈∙∙#ΩΩ≈Ω∙≈≈∙≈∙∙#≈∙∙≈≈#≈≈≈≈≈≈≈ΩΩ##ΩΩ≈#ΩΩΩΩ≈≈Ω   
ΩΩΩ≈≈Ω∙∙∙≈#≈≈≈ΩΩ#∙≈≈∙≈≈∙∙∙∙∙∙≈≈≈#≈≈≈#∙∙∙≈≈∙∙≈≈≈≈≈≈≈∙≈≈≈≈≈≈≈≈∙≈Ω≈Ω≈Ω≈≈Ω≈≈≈Ω≈    
Ω Ω≈Ω#∙≈∙≈ΩΩΩΩ≈≈Ω≈∙∙∙∙∙≈≈≈≈≈≈∙≈≈≈≈≈≈≈≈≈≈∙∙∙∙∙∙≈≈≈≈∙∙∙≈∙≈≈≈≈≈∙≈≈∙≈Ω≈≈Ω≈ΩΩ≈Ω     
 Ω≈ΩΩ∙≈≈∙≈≈≈ΩΩΩ≈ΩΩΩΩ≈≈∙≈≈≈≈≈≈≈∙≈≈∙∙∙#≈≈≈≈≈#≈≈≈∙≈≈≈∙∙∙∙∙∙∙∙∙∙≈≈≈≈∙≈≈ΩΩ≈≈        
  ΩΩ#∙≈≈∙≈∙∙≈ΩΩ≈Ω≈≈≈≈≈∙≈≈≈≈≈≈≈∙#≈      Ω≈≈#ΩΩ≈∙∙≈≈∙∙≈∙#∙∙∙∙∙≈≈≈≈∙Ω≈Ω           
 Ω≈≈≈≈∙∙≈∙≈≈∙∙≈ΩΩΩ≈≈≈≈#≈≈≈≈#∙≈∙∙∙       ΩΩ≈≈Ω≈∙≈∙∙∙#≈∙≈≈∙≈≈≈##≈∙≈#≈Ω           
 ΩΩ#≈Ω≈≈≈∙≈≈≈∙∙#≈≈ΩΩ≈≈#∙≈≈≈≈≈≈≈≈         #≈ΩΩΩ#Ω≈≈≈≈Ω≈≈∙∙≈≈∙∙∙≈≈≈Ω≈Ω           
  ΩΩΩΩ≈ΩΩ≈∙∙∙∙≈≈ΩΩ≈ΩΩΩΩ≈∙∙∙∙∙≈≈             ΩΩΩΩΩ≈≈ΩΩΩΩ≈≈∙∙∙∙ΩΩ≈ΩΩ≈            
   ΩΩΩΩΩΩΩΩ#≈≈Ω≈≈ΩΩΩ≈Ω≈≈Ω≈##≈∙                 ≈Ω#≈Ω≈Ω≈#Ω≈ΩΩ≈Ω≈≈≈Ω≈            
    ΩΩΩΩΩ≈Ω≈≈≈≈Ω≈≈ΩΩΩ≈≈≈ΩΩΩ                     ≈≈≈Ω##≈≈ΩΩ≈ΩΩ≈Ω≈Ω#             
        Ω≈≈≈ΩΩΩΩ≈≈ΩΩ ΩΩΩ≈                        ≈{≈≈≈#≈Ω≈≈≈≈≈#≈Ω              
       ΩΩ≈ΩΩ≈Ω≈#Ω≈≈Ω                                Ω#≈ΩΩΩΩ≈ΩΩΩΩ               
        ΩΩΩΩΩΩΩΩΩΩΩΩΩ                                  Ω  ΩΩ                   
                 ΩΩΩ                                                           
