dtsund

Level 1 of the Dungeon
(0, 0, D:1)
  a +0,+1 orcish short sword
(1, 1, D:1)
  a cursed -2,-2 dwarven short sword
  a +0 dart of frost
(-24, 4, D:1)
  a +0 robe
(-22, 4, D:1)
  a +0,+0 club
(-1, 4, D:1)
  a +0 dart of frost
(24, 6, D:1)
  2 +0 darts
(-24, 19, D:1)
  23 +0 arrows
(-9, 22, D:1)
  a +1,+1 dagger of venom
(-6, 23, D:1)
  a -1,+0 orcish club
(14, 31, D:1)
  a +2,+4 elven dagger
(-33, 32, D:1)
  a +0,+0 dagger
(-43, 34, D:1)
  a +0 orcish ring mail
(-14, 35, D:1)
  a +0,+3 dagger
  2 +0 darts
(15, 36, D:1)
  a +0,+0 knife
(30, 37, D:1)
  a +0,+0 mace
(20, 44, D:1)
  a -1,+0 orcish club

Level 2 of the Dungeon
(0, 0, D:2)
  a +0 elven wizard hat
  a +0 elven robe
(-11, 4, D:2)
  a +0 plate mail of cold resistance
(14, 16, D:2)
  a +2 leather armour
(-5, 25, D:2)
  14 poisoned +0 needles
(35, 25, D:2)
  36 +0 stones
(8, 26, D:2)
  a +0,+0 club
(36, 28, D:2)
  a +0,+0 knife
(-18, 44, D:2)
  a +0,+0 quarterstaff
(39, 44, D:2)
  a +0,+0 dagger
(16, 47, D:2)
  a +0,+1 spear
(24, 49, D:2)
  a +0,+2 dagger
  22 +0 stones
(31, 49, D:2)
  a +2,+2 dagger

Level 3 of the Dungeon
(0, 0, D:3)
  a +0,+0 club
(7, 1, D:3)
  a +0,+0 short sword
  4 poisoned +0 darts
(12, 7, D:3)
  a poisoned +0 dart
(0, 18, D:3)
  17 poisoned +0 needles
(2, 18, D:3)
  a +0,+0 club
  a hobgoblin corpse (rotten by now)
(-4, 19, D:3)
  a +0,+0 club
  4 +0 darts
  a kobold corpse (rotten by now)
(23, 23, D:3)
  a +0 stone
(20, 24, D:3)
  a -1,+1 orcish short sword
  a +2,+2 orcish dagger of holy wrath
  a +0 orcish robe
(22, 24, D:3)
  a +0 orcish leather armour
  12 +0 stones
(30, 24, D:3)
  2 +0 darts
  a +1 orcish scale mail of cold resistance
  a kobold corpse (skeletalised by now)
(21, 25, D:3)
  a +0,+0 orcish hand axe
  a +0,+0 orcish hand axe
  a +0,+0 orcish hand axe
  a +0,+0 orcish hand axe
(23, 25, D:3)
  2 +0 stones
(26, 26, D:3)
  a +0 stone
(28, 26, D:3)
  a +0 stone
(2, 31, D:3)
  a +0,+0 sling
(3, 35, D:3)
  14 poisoned +0 needles
(-18, 40, D:3)
  a hobgoblin corpse (skeletalised by now)
(22, 46, D:3)
  a +0 dart
(-7, 48, D:3)
  29 +0 bolts
(-12, 56, D:3)
  a poisoned +0 needle

Level 4 of the Dungeon
(0, 0, D:4)
  21 +0 darts
(8, 3, D:4)
  a +0,+0 club
  a kobold corpse
(-2, 5, D:4)
  a +0,+1 orcish dagger
  a +2 orcish leather armour
  an orc corpse
  a +2 banded mail
(25, 8, D:4)
  27 +0 stones
(3, 11, D:4)
  a giant newt corpse
(25, 16, D:4)
  a giant newt corpse
(16, 21, D:4)
  a scroll of remove curse

