                   ▒▒▒▒▒▒▒▒               
                   ▒∙∙h∙∙∙▒               
∙▒▒▒▒▒▒▒▒▒▒▒▒▒▒▒▒▒▒▒∙∙∙h∙∙▒▒▒▒▒▒▒▒▒▒      
∙∙∙∙∙∙∙∙∙∙∙∙∙∙h∙h)∙)∙)∙∙∙∙∙∙∙∙∙∙∙∙∙▒      
∙∙▒▒▒▒▒▒∙▒▒▒▒▒▒▒▒▒▒∙▒▒▒▒▒∙∙∙)∙∙∙∙∙∙▒ ▒▒▒▒▒
       ▒∙▒    ▒∙∙∙∙∙∙∙∙∙∙∙∙∙∙∙∙∙∙∙∙▒ ▒∙∙∙▒
       ▒)▒    ▒∙∙∙∙∙▒▒▒▒▒∙▒∙▒▒▒▒▒▒∙▒ ▒∙∙∙▒
       ▒∙▒    ▒∙∙∙∙∙▒   ▒∙▒∙▒    ▒∙▒ ▒∙∙∙▒
       ▒∙▒    ▒∙∙∙∙∙▒   ▒∙▒∙▒    ▒∙▒ ▒∙∙∙▒
       ▒∙▒    ▒▒▒▒▒▒▒   ▒∙▒∙▒    ▒∙▒ ▒∙∙∙▒
       ▒∙▒              ▒∙▒∙▒    ▒∙▒ ▒∙∙∙▒
       ▒h▒              ▒∙▒∙▒    ▒∙▒ ▒∙∙∙▒
       ▒∙▒              ▒∙▒∙▒    ▒∙▒ ▒∙∙∙▒
∙▒▒▒▒▒▒▒∙▒▒▒▒▒▒▒▒▒▒▒▒▒▒▒▒∙▒∙▒▒▒▒▒▒∙▒▒▒∙∙∙▒
∙∙∙∙∙∙∙∙∙∙∙>∙∙∙∙∙∙∙∙∙∙∙∙∙∙∙∙∙∙∙∙∙∙∙∙∙∙∙∙∙▒
∙▒▒▒▒▒▒▒∙▒▒▒▒▒▒▒▒▒▒▒▒▒▒▒▒∙▒∙▒▒▒▒▒▒∙▒▒▒▒▒∙▒
       ▒∙▒         ▒∙∙∙∙∙∙▒∙▒    ▒∙▒   ▒∙▒
       ▒h▒         ▒∙∙∙∙∙∙▒∙▒    ▒)▒   ▒∙▒
       ▒∙▒         ▒∙∙∙g∙∙▒∙▒    ▒%▒   ▒∙▒
       ▒∙▒         ▒∙∙∙∙∙∙▒∙▒    ▒∙▒   ▒∙▒
       ▒∙▒         ▒∙∙∙∙∙∙▒∙▒    ▒∙▒   ▒∙▒
       ▒∙▒         ▒∙∙∙∙∙∙▒∙▒    ▒∙▒   ▒∙▒
       ▒∙▒         ▒∙∙∙∙∙∙▒∙▒    ▒∙▒   ▒∙▒
       ▒∙▒▒▒▒▒▒▒▒▒▒▒∙%∙∙∙∙▒∙▒▒▒▒▒▒∙▒▒▒▒▒∙▒
       ▒∙▒∙∙∙∙)∙∙∙∙h∙∙∙∙∙∙∙∙∙∙∙∙∙∙∙∙∙∙∙∙∙▒
      ▒▒∙∙∙▒∙▒▒▒▒▒▒▒▒▒▒▒▒▒▒▒▒▒▒▒▒▒▒▒▒▒▒▒▒▒
      ▒∙∙∙▒▒'▒▒z▒Z▒   ▒▒▒▒▒z▒z▒z▒∙▒≈▒     
      ▒∙▒▒▒∙∙∙▒▒▒▒▒▒▒▒▒∙▒M▒▒▒▒▒▒▒▒▒▒▒▒▒   
      ▒∙▒∙▒∙>∙∙∙∙∙▒∙▒Z▒▒▒▒▒∙∙∙∙∙∙∙∙∙∙<▒   
      ▒∙▒▒▒∙∙∙▒▒▒∙▒▒▒▒▒∙∙∙∙∙∙∙∙∙∙∙∙∙∙<▒   
      ▒∙∙∙▒▒'▒▒Z▒∙∙∙∙∙∙∙▒▒▒▒▒▒▒∙∙∙∙∙∙<▒   
      ▒▒∙∙∙▒∙▒▒▒▒▒▒▒▒▒▒▒▒Z▒Z▒∙▒▒▒▒▒▒▒▒▒   
       ▒∙▒∙∙∙∙∙∙▒z▒∙▒z▒Z▒▒▒▒▒▒▒z▒z▒∙▒     
       ▒∙▒▒▒▒▒▒∙▒▒▒▒▒▒▒▒▒     ▒▒▒▒▒▒▒     
       ▒∙▒    ▒∙∙∙∙∙∙∙∙∙                  
       ▒∙▒    ▒▒▒▒▒▒▒▒▒                   
       ▒∙▒                                
       ▒∙▒                                
       ▒∙▒                                
        ∙                                 
