dtsund

Level 1 of the Dungeon
[Shop] Weor's Book Shop
  the Papyrus of Transmigration and Stones (347 gold)
    Spells                             Type                      Level
    Leda's Liquefaction                Transmutation/Earth          4
    Petrify                            Transmutation/Earth          4
    Statue Form                        Transmutation/Earth          6
  Sif Muna's Almanac of Damaging Fire (586 gold)
    Spells                             Type                      Level
    Throw Flame                        Conjuration/Fire             2
    Delayed Fireball                   Conjuration/Fire             7
    Ring of Flames                     Enchantment/Fire             7
  a book of Enchantments (550 gold)
  the Volume of the Mountains (440 gold)
    Spells                             Type                      Level
    Petrify                            Transmutation/Earth          4
    Lee's Rapid Deconstruction         Earth                        5
    Shatter                            Earth                        9
  a book of Minor Magic (220 gold)
  a book of Necromancy (330 gold)
  a book of Wizardry (330 gold)
  a book of Dreams (825 gold)
  a book of Power (495 gold)

