                                   ▒∙∙∙∙▒                  
                                   ▒∙∙∙∙∙                  
                              ▒▒▒▒▒▒∙∙∙∙▒                  
                              ▒∙∙∙▒▒∙∙∙∙▒                  
                              ▒∙∙∙▒▒∙∙∙∙▒                  
                              ▒∙∙∙▒▒∙∙∙∙▒       ∙∙         
              ▒▒▒▒▒▒▒▒▒▒▒▒▒▒▒▒▒∙∙∙▒▒∙∙∙∙▒▒▒▒▒▒▒▒∙∙∙        
             ∙∙∙∙∙∙∙∙∙∙∙∙∙∙∙∙∙∙∙∙∙∙∙∙∙∙∙∙(∙∙∙∙∙∙∙∙∙∙K∙     
                    ▒∙∙∙∙∙∙∙∙∙∙∙∙∙∙∙∙∙∙)∙∙∙∙∙∙∙∙∙∙∙∙∙∙▒    
                    ▒∙▒▒▒▒▒▒▒▒▒∙∙∙∙∙∙∙∙∙)∙∙∙∙∙∙∙∙∙∙∙▒∙▒    
                   ∙(∙∙    ∙∙∙∙∙∙)∙∙∙∙∙∙∙∙∙>∙∙∙∙∙∙∙∙▒∙▒▒▒  
                 ∙?∙∙∙∙∙  ∙∙∙∙∙∙∙∙∙∙∙∙∙∙∙∙∙∙∙∙∙∙∙∙∙∙∙∙∙∙∙∙ 
               $∙∙∙▒▒∙∙∙∙ ▒▒▒▒▒▒▒▒∙∙∙∙∙∙∙∙∙∙∙∙∙∙∙∙∙∙∙∙∙∙∙∙ 
                ∙∙∙ ∙∙∙∙∙∙      ∙∙∙∙∙∙∙∙∙∙∙∙∙∙∙∙∙∙∙∙∙∙∙∙∙∙ 
                ∙∙  ∙∙∙∙∙∙▒     ▒∙∙∙∙∙∙∙∙∙∙∙∙∙∙∙∙∙∙∙∙∙∙∙∙∙▒
                    ∙∙∙∙∙∙      ▒∙∙∙∙▒▒▒▒∙∙∙∙∙∙∙∙∙∙∙∙∙∙∙∙∙▒
                    ∙∙∙          ∙∙∙∙∙ ∙∙∙∙∙∙∙∙∙∙∙▒▒▒∙▒▒▒▒▒
                       ∙∙∙∙∙∙∙∙∙▒∙∙∙   ▒▒∙∙∙∙∙∙∙∙▒▒   ▒    
                    ∙∙∙∙∙?∙∙∙∙∙∙▒∙∙∙∙▒  ▒∙∙∙∙∙∙∙g▒         
                   ∙∙∙∙∙∙∙∙∙∙∙∙∙▒∙∙∙∙▒▒ ▒∙∙∙∙∙∙∙∙▒         
                   ▒∙∙∙∙∙∙∙∙∙∙∙∙∙∙∙∙∙∙∙ ∙∙∙∙▒∙▒▒∙▒         
        ▒▒▒▒▒▒▒▒ ∙▒▒∙∙∙∙∙∙∙∙∙∙∙∙▒∙∙∙∙▒   ▒▒▒▒∙ ▒∙▒         
      ▒▒▒∙∙∙∙∙∙▒▒∙∙▒∙∙∙∙∙∙∙∙∙∙∙∙▒∙∙∙∙▒▒▒▒   ▒  ▒∙▒         
   ▒▒▒▒∙∙∙∙∙∙∙∙∙▒▒∙∙∙∙∙∙∙∙∙∙∙∙∙∙∙∙∙∙∙∙∙∙∙      ▒∙▒         
 ▒▒▒∙∙∙∙∙∙∙▒∙∙∙∙∙▒∙▒∙∙∙∙∙∙∙∙∙∙∙(∙∙∙∙∙▒         ▒∙▒         
▒▒∙∙∙∙∙∙∙A∙▒▒∙∙∙∙▒∙∙∙∙∙∙∙∙∙∙∙∙∙∙∙∙∙∙∙▒         ▒∙▒         
▒∙∙∙∙∙∙∙∙∙∙▒▒∙∙<∙▒▒∙∙∙∙∙∙∙∙∙∙∙∙∙∙∙∙(∙▒▒▒▒▒▒▒▒▒▒▒∙▒▒▒▒∙▒▒   
▒∙∙<∙∙∙∙∙∙▒▒▒∙∙(∙∙▒∙∙∙∙∙∙∙∙∙∙∙∙∙∙∙∙∙g∙∙∙∙Ar∙∙∙∙∙∙∙∙∙∙∙∙∙▒  
▒▒∙∙∙∙∙∙∙∙▒ ▒∙(▒∙∙▒▒▒∙▒▒▒∙▒▒∙▒▒∙▒∙∙∙∙▒▒▒▒▒▒▒▒▒▒∙∙∙∙b∙∙∙∙   
▒▒∙∙∙∙∙∙∙▒▒ ▒▒(▒▒∙▒ ▒∙▒ ▒(▒▒∙▒▒∙▒∙∙∙∙▒        ▒∙∙∙∙∙∙∙∙∙   
▒∙∙∙▒∙∙∙∙▒ ▒▒∙∙▒▒▒▒ ▒∙▒ ▒∙▒▒∙▒▒∙▒∙∙∙∙▒        ▒∙∙∙∙∙∙∙∙∙   
▒∙∙▒∙∙∙∙∙▒ ▒∙∙∙∙▒   ▒∙▒ ▒∙▒▒∙▒▒∙▒∙∙∙∙▒        ▒▒∙▒▒▒▒∙▒    
▒∙▒▒∙∙∙∙▒▒ ▒∙▒∙∙▒▒  ▒A▒ ▒∙▒▒∙▒▒∙▒∙∙∙∙▒         ▒∙▒   ∙     
▒∙▒∙∙∙∙▒▒  ▒∙▒▒∙∙▒  ▒∙▒ ▒∙▒▒∙▒▒∙▒∙∙∙∙▒         ▒∙▒         
▒∙▒∙∙∙∙▒   ▒∙ ▒∙∙▒▒ ▒∙▒         ▒∙∙∙∙▒         ▒∙▒         
▒∙∙∙<∙∙▒   ▒▒ ▒∙∙∙▒▒▒∙▒            ∙∙▒          ∙          
▒▒∙∙∙∙▒▒      ▒∙∙∙∙▒▒∙▒                                    
 ▒▒∙∙∙▒       ▒∙∙∙∙▒▒∙▒                                    
  ∙∙∙∙▒       ▒▒∙∙∙∙∙∙▒                                    
 ∙∙∙∙▒▒        ▒∙∙∙▒▒∙▒                                    
▒▒∙∙▒▒         ▒▒∙∙▒▒∙▒                                    
 ▒▒▒▒           ▒▒▒▒▒∙▒                                    
                    ∙∙∙                                    
                    ▒∙▒                                    
                    ▒∙▒                                    
                    ▒∙▒                                    
                     ∙                                     
