dtsund

Level 1 of the Dungeon
(0, 0, D:1)
  a -1,+1 orcish club
(-11, 2, D:1)
  a cursed +0,-2 club
(0, 22, D:1)
  19 steel +0 sling bullets
(15, 32, D:1)
  32 +0 stones
(-28, 34, D:1)
  a +0 plate mail
(1, 38, D:1)
  28 +0 arrows
(34, 39, D:1)
  24 +0 stones
(-9, 60, D:1)
  a +1,+2 dwarven hand axe

Level 2 of the Dungeon
(0, 0, D:2)
  a +0,+0 orcish club
(-12, 8, D:2)
  17 +1 arrows
(-26, 12, D:2)
  a +0,+0 knife
(22, 13, D:2)
  a +0,+0 spear
(-19, 14, D:2)
  22 +0 darts
(-16, 18, D:2)
  a +0,+0 club
(28, 20, D:2)
  a -1,+0 orcish club
(18, 22, D:2)
  a +2,+0 elven whip
(14, 30, D:2)
  a +0,+0 scythe
  a +0 robe
(20, 33, D:2)
  23 +2 arrows

Level 3 of the Dungeon
(0, 0, D:3)
  29 +0 arrows
(38, 0, D:3)
  28 +0 darts
(-12, 13, D:3)
  a +0 leather armour
(36, 15, D:3)
  a +0,+0 knife
(37, 15, D:3)
  a +0,+1 orcish club
(1, 19, D:3)
  a cursed -2,-2 sling
(-11, 33, D:3)
  a +0,+1 orcish flail
  a +0 orcish leather armour
(-12, 34, D:3)
  a +0,+0 orcish short sword
  a +0 orcish leather armour
(-16, 35, D:3)
  a -1,+1 orcish flail
(31, 36, D:3)
  a +0 elven robe
(34, 37, D:3)
  a +0,+0 club
(28, 46, D:3)
  29 +2 sling bullets
(-1, 47, D:3)
  a +0 dart
(-9, 48, D:3)
  15 +0 darts of frost

Level 4 of the Dungeon
(0, 0, D:4)
  a +0,+0 halberd
(-3, 1, D:4)
  a +0,+0 spear
(13, 10, D:4)
  a +0,+0 giant club
(-38, 13, D:4)
  a +0 dart
(4, 14, D:4)
  a +0,+0 knife
(-1, 17, D:4)
  a +0,+0 flail
(-14, 19, D:4)
  18 poisoned +0 needles
(-40, 21, D:4)
  a +1,+0 elven spear
(-38, 21, D:4)
  a +0,+1 orcish hand axe
(-43, 23, D:4)
  2 +0 arrows
(-40, 23, D:4)
  a +0,+0 mace
(-38, 23, D:4)
  a +2,+0 elven falchion
(-40, 24, D:4)
  2 +0 darts
(-22, 28, D:4)
  a +0,+0 club
(-12, 28, D:4)
  2 +0 darts
(-32, 29, D:4)
  13 +0 stones
(10, 36, D:4)
  a -1,+0 orcish club
(-34, 38, D:4)
  a +0 orcish scale mail
  a -1,+1 orcish trident
(-41, 46, D:4)
  a +1,+1 orcish dagger
(-17, 46, D:4)
  a +2,+2 elven short sword
(-33, 49, D:4)
  a +0 orcish leather armour

Level 5 of the Dungeon
(-25, 3, D:5)
  a +0 leather armour
(-21, 4, D:5)
  a -1,+0 orcish club
(-3, 13, D:5)
  a +0 leather armour
(-17, 16, D:5)
  a +0,+1 orcish club
(-18, 17, D:5)
  a +0 scale mail
(-14, 17, D:5)
  a +0,+0 dagger
(-14, 27, D:5)
  a -1,+1 orcish mace
(0, 46, D:5)
  2 scrolls of curse armour
(28, 54, D:5)
  a +0,+0 spear
(2, 55, D:5)
  a cursed -2,-3 orcish club

Level 6 of the Dungeon
(0, 0, D:6)
  a +0 orcish leather armour
  a cursed -3,+0 orcish spear
  a cursed -3,+0 orcish spear
  a cursed -3,+0 orcish spear
  a +0,+0 orcish glaive
(3, 0, D:6)
  a +0 orcish leather armour
  a -1,+0 orcish short sword
  a +0,+1 orcish morningstar
(5, 0, D:6)
  a +0,+1 orcish dagger
  a +0 orcish robe
(8, 0, D:6)
  a cursed -3,+0 orcish spear
  a cursed -3,+0 orcish spear
(11, 0, D:6)
  a +0,+0 club
(23, 1, D:6)
  a scroll of curse jewellery
(8, 5, D:6)
  a +0,+2 dagger of holy wrath
(25, 9, D:6)
  a +0,+0 long sword
(6, 19, D:6)
  a +0,+0 knife
(23, 23, D:6)
  a cursed -1,-2 club
(26, 23, D:6)
  a +0 dart
  27 +0 sling bullets
(26, 25, D:6)
  a +1,+0 elven short sword
  a +0,+0 short sword
(27, 26, D:6)
  a +0,+0 short sword
(26, 27, D:6)
  3 +0 darts
(27, 27, D:6)
  a cursed -3,-3 club
  a +0,+0 dagger
(28, 27, D:6)
  a +0 blowgun
  23 poisoned +0 needles
  4 +0 darts
(-16, 28, D:6)
  a +0 dart
(23, 28, D:6)
  a potion of coagulated blood
(27, 29, D:6)
  a +0,+0 elven dagger
  9 +0 darts
(28, 29, D:6)
  a +0,+0 short sword
  a -1,+1 orcish club
  9 +0 darts
(-12, 30, D:6)
  a +0,+0 giant club
(-11, 33, D:6)
  6 +0 darts
  a +2,+2 dwarven dagger
(-13, 34, D:6)
  a +1,+0 elven dagger
  a +0 elven ring mail
(-8, 38, D:6)
  a +0 elven ring mail

Level 7 of the Dungeon
[Shop] Pyar's Food Shop
  a meat ration (40 gold)
  a meat ration (40 gold)
  a meat ration (40 gold)
  a choko (4 gold)
  a pear (8 gold)
  a rambutan (4 gold)
  an apple (8 gold)
(0, 0, D:7)
  a +1,+0 sabre
  a +0 leather armour
(-52, 6, D:7)
  a +0 leather armour
(-17, 24, D:7)
  a +0 robe
(-30, 33, D:7)
  a +0,+0 bow
  28 +0 arrows
(-15, 34, D:7)
  a +0,+1 whip
(-34, 35, D:7)
  a potion of slowing
(-33, 36, D:7)
  a +0 cloak
(-33, 37, D:7)
  a +2,+3 quarterstaff of chaos
(-8, 37, D:7)
  25 +0 bolts
(-29, 38, D:7)
  a +0 splint mail
(-25, 38, D:7)
  a cursed -2,-2 giant club
(-10, 41, D:7)
  30 +0 sling bullets
(-36, 47, D:7)
  a +0,+1 hammer

Level 8 of the Dungeon
[Shop] Vuokuyt's Weapon Shop
  a +0,+1 hammer of draining (299 gold)
  a +0,+0 knife (11 gold)
  a +1,+2 dagger (56 gold)
  a +0,+0 orcish hammer (26 gold)
  a +2,+1 long sword (136 gold)
  a +0,+4 great mace of distortion (512 gold)
  a +0,+0 elven whip (33 gold)
  a cursed -2,-1 hammer (19 gold)
(0, 0, D:8)
  a +0,+0 dagger
  a scroll of curse jewellery
(32, 0, D:8)
  a +2 orcish ring mail
(39, 0, D:8)
  a -1,+0 orcish hand axe
(43, 1, D:8)
  a -1,+1 orcish short sword
  a -1,+0 orcish club
  a +0 orcish splint mail
(21, 4, D:8)
  a +0 chain mail
(43, 7, D:8)
  a +0,+0 giant club
(30, 8, D:8)
  a +0,+0 orcish club
(25, 9, D:8)
  a +0,+0 giant club
(37, 9, D:8)
  a +0,+0 orcish club
(40, 11, D:8)
  a +1,+2 dagger of venom
(27, 12, D:8)
  a +2,+1 elven dagger
(34, 13, D:8)
  a +0 orcish plate mail
  a +0,+1 orcish war axe
(47, 14, D:8)
  23 +0 stones
(43, 16, D:8)
  a +3,+1 dwarven short sword
  4 +0 darts
(20, 21, D:8)
  a +0 arrow
(29, 24, D:8)
  30 +2 arrows
(10, 25, D:8)
  a +0,+0 orcish hand axe
(11, 25, D:8)
  a +0,+0 orcish glaive
  a +0 orcish chain mail
(12, 25, D:8)
  a +2,+2 great mace
(0, 28, D:8)
  a cursed +0 animal skin
(17, 28, D:8)
  a +0,+0 hand axe
  a +0,+0 bow
  17 +0 arrows
  a +0 orcish robe
(37, 29, D:8)
  a +0 orcish leather armour
(38, 29, D:8)
  a +0 orcish robe
  a cursed -2,+1 orcish dagger
(39, 29, D:8)
  a +0,+0 orcish dagger
(40, 29, D:8)
  a +0 orcish robe
  a -1,+0 orcish dagger
(12, 30, D:8)
  a +1,+3 dwarven hand axe of venom
  a +0 robe
(11, 31, D:8)
  a +0,+0 halberd
  a +1 robe
(12, 31, D:8)
  a +0,+0 club
  a +0,+0 spear
  a +0 robe
(34, 31, D:8)
  the cursed -1 Lear's chain mail
    It affects your dexterity (-3).
    It prevents spellcasting.
    It has a curse placed upon it.
(10, 34, D:8)
  a cursed +1,+2 spiked flail of freezing
  a cursed +0 robe
(0, 37, D:8)
  a +0 robe
(8, 37, D:8)
  a +2,+1 spear

Level 9 of the Dungeon
(0, 0, D:9)
  a -1,+1 orcish club
(13, 0, D:9)
  a scroll of curse jewellery
(27, 1, D:9)
  a -1,+1 orcish short sword
(9, 5, D:9)
  16 +0 stones
(22, 16, D:9)
  a +0,+0 giant spiked club
(4, 17, D:9)
  a +2 orcish robe
(20, 20, D:9)
  a -1,+0 orcish club
(-1, 26, D:9)
  a -1,+0 orcish club
(14, 27, D:9)
  26 +4 bolts
(21, 27, D:9)
  a +0 shield
(29, 31, D:9)
  a +0,+1 orcish hammer of draining
  a +0 orcish leather armour
(23, 42, D:9)
  a +0,+0 hand axe
(27, 42, D:9)
  2 potions of confusion

Level 10 of the Dungeon
[Shop] Qiqahydexe's General Store
  a potion of invisibility (66 gold)
  4 poisoned +0 needles (19 gold)
  a scroll of random uselessness (2 gold)
  25 +0 darts (30 gold)
  a +2 robe (178 gold)
  a wand of draining (9) (226 gold)
  19 +0 sling bullets (114 gold)
  a scroll of enchant weapon II (66 gold)
  a scroll of curse jewellery (1 gold)
(0, 0, D:10)
  a +0 orcish plate mail
  a cursed -4,-2 orcish long sword
(-24, 4, D:10)
  5 +0 javelins
(-44, 5, D:10)
  a +0,+0 giant club
(-40, 11, D:10)
  a potion of confusion
(-37, 11, D:10)
  a +0,+0 hand axe
  a +0,+0 hand axe
  a +0,+0 hand axe
(8, 11, D:10)
  a +0,+0 giant club
(-30, 12, D:10)
  a +1,+0 sabre
(-8, 12, D:10)
  a +0,+0 bow
  a +0,+0 spear
  11 +0 arrows
(-14, 15, D:10)
  a +0 orcish banded mail
(-2, 15, D:10)
  a +0 dart
(-9, 16, D:10)
  3 +0 arrows
(-8, 17, D:10)
  2 +0 arrows
(-3, 17, D:10)
  a +0 orcish banded mail
  a +0,+1 orcish great mace
(-47, 18, D:10)
  a +0 orcish shield
(-33, 18, D:10)
  a +0 splint mail
(-9, 18, D:10)
  a +0 arrow
(-3, 22, D:10)
  a +0 dart
(-2, 22, D:10)
  a cursed -2,-1 orcish dagger
(-4, 24, D:10)
  a +0 dart
(0, 26, D:10)
  a +0,+0 orcish dagger
(4, 28, D:10)
  a +0 dart
(-41, 29, D:10)
  a +0,+0 spear
(4, 29, D:10)
  2 +0 darts
(2, 32, D:10)
  a +1 dwarven splint mail
  44 +0 stones
  a -1,+1 orcish morningstar
(2, 33, D:10)
  a +0 dart
(3, 33, D:10)
  a +3,+2 elven dagger of venom
  a +0 blowgun
(3, 35, D:10)
  2 +0 darts
  a +0,+0 short sword
(-2, 36, D:10)
  a cursed +0 orcish scale mail
  a +0,+0 orcish dagger
  a +0 stone

Level 11 of the Dungeon
(0, 0, D:11)
  26 +0 stones
(-22, 1, D:11)
  a +0 arrow
(-18, 1, D:11)
  a +0 arrow
(-14, 1, D:11)
  a +2,+2 bow of flame
  a +0,+0 hand axe
  21 +0 arrows
(-13, 1, D:11)
  a +0,+0 giant club
(4, 1, D:11)
  a +2 banded mail
(-8, 2, D:11)
  a +0 scale mail
(-19, 5, D:11)
  a +0,+0 bow
  24 +0 arrows
(-18, 5, D:11)
  a +0,+0 bow
  10 poisoned +0 arrows
(-11, 5, D:11)
  a +0 arrow
(-10, 5, D:11)
  4 poisoned +0 arrows
(-37, 8, D:11)
  a +0,+0 spear
(5, 10, D:11)
  a +0,+0 hand axe
(-24, 15, D:11)
  a +0,+0 giant club
(-5, 15, D:11)
  a +0,+0 giant club
(-4, 15, D:11)
  a cursed -1,+0 bow
(-28, 18, D:11)
  a +0,+0 giant spiked club
(-16, 19, D:11)
  a +0,+0 hand axe
(-40, 22, D:11)
  a +0 arrow of flame
(-17, 23, D:11)
  a +0,+0 hand axe
(-41, 24, D:11)
  2 +0 arrows of flame
(-35, 29, D:11)
  a +0,+0 quarterstaff
(-41, 30, D:11)
  a +0,+0 bow
  21 +0 arrows of flame
(-24, 32, D:11)
  a +0 dart
(-46, 36, D:11)
  2 +0 needles of paralysis
(-4, 36, D:11)
  a cursed -3,+0 hammer
(-21, 37, D:11)
  a cursed +0,-2 bow
  10 +0 darts
(-7, 37, D:11)
  a -1,+1 orcish war axe
(-27, 38, D:11)
  a +0 dart
(-34, 40, D:11)
  a +0 orcish leather armour
  a -1,+0 orcish club

Level 12 of the Dungeon
[Shop] Qausah's Book Boutique
  (Shop contents are unknown)
(0, 0, D:12)
  15 gold pieces
(15, 27, D:12)
  an apple

the Ecumenical Temple

Level 1 of the Orcish Mines
(0, 0, Orc:1)
  a +0,+0 orcish hand axe
(-2, 5, Orc:1)
  26 gold pieces
(4, 5, Orc:1)
  21 gold pieces

Level 1 of the Lair of Beasts
(0, 0, Lair:1)
  a +0,+1 hand axe
(-25, 5, Lair:1)
  18 +0 bolts of flame
(5, 6, Lair:1)
  a +0,+0 long sword
(1, 26, Lair:1)
  3 +0 arrows
(4, 26, Lair:1)
  a +0 elven scale mail
(-21, 27, Lair:1)
  13 poisoned +0 needles
(20, 27, Lair:1)
  a +0,+0 hammer
(-11, 28, Lair:1)
  18 +0 darts
(-3, 28, Lair:1)
  2 scrolls of recharging
  3 scrolls of identify
  a scroll of fear
  a scroll of enchant weapon II
  4 scrolls of remove curse
  2 scrolls of enchant weapon I
  a scroll of enchant armour
(-2, 28, Lair:1)
  a +1 dwarven buckler
(-4, 29, Lair:1)
  an uncursed amulet of resist corrosion
  a +3,+4 ring of slaying
(-3, 29, Lair:1)
  a +0 rod of venom (13/13)
  3 curare-tipped +3 needles
(-2, 29, Lair:1)
  a book of Changes
  Sif Muna's Sorcery, Part Four {god gift}
    Spells                             Type                      Level
    *Resist Poison                     Enchantment/Poison           4
    Enslavement                        Enchantment                  4
    Ice Form                           Ice/Transmutation            4
    *Dispel Undead                     Necromancy                   4
    Summon Scorpions                   Summoning/Poison             4
    Passage of Golubria                Translocation                4
  the Grimoire of Attacks and the Rocks
    Spells                             Type                      Level
    Sting                              Conjuration/Poison           1
    Maxwell's Silver Hammer            Enchantment/Earth            2
    Stone Arrow                        Conjuration/Earth            3
    *Iskenderun's Mystic Blast         Conjuration                  4
    Fireball                           Conjuration/Fire             6
  Lee's Handbook of Confrontation {god gift}
    Spells                             Type                      Level
    Venom Bolt                         Conjuration/Poison           5
    Delayed Fireball                   Conjuration/Fire             7
    Chain Lightning                    Conjuration/Air              8
  a book of Death
  Sif Muna's Incunabulum of Battle Magic and Toxins {god gift}
    Spells                             Type                      Level
    Flame Tongue                       Conjuration/Fire             1
    Stone Arrow                        Conjuration/Earth            3
    Lightning Bolt                     Conjuration/Air              5
    Venom Bolt                         Conjuration/Poison           5
    *Poison Arrow                      Conjuration/Poison           6
  a book of the Warp
  a book of Minor Magic
(-4, 30, Lair:1)
  3 potions of brilliance
  3 potions of agility
  3 potions of restore abilities
  a potion of cure mutation
(-2, 30, Lair:1)
  5 pears
  38 honeycombs
  2 slices of pizza
  8 meat rations
  an apple
  11 royal jellies
  2 bread rations
(-3, 31, Lair:1)
  a wand of draining (5)
  a wand of lightning (5)
  a wand of draining (4)
  a wand of lightning (7)
  a wand of digging (7)
  a scroll of recharging {recharging}

Level 2 of the Lair of Beasts
(0, 0, Lair:2)
  a +0 animal skin
(30, 6, Lair:2)
  a potion of confusion
(31, 25, Lair:2)
  a crystal ball of seeing
(34, 32, Lair:2)
  a +0,+0 spear
(12, 36, Lair:2)
  a +0 scale mail
(34, 36, Lair:2)
  a +0,+0 quarterstaff
(3, 41, Lair:2)
  a +1,+0 sling
(35, 55, Lair:2)
  a cursed -2,-3 spear

Level 3 of the Lair of Beasts
(0, 0, Lair:3)
  a scroll of curse armour
(16, 10, Lair:3)
  21 +0 stones
(8, 12, Lair:3)
  20 poisoned +0 needles
(42, 13, Lair:3)
  a +0 leather armour
(-26, 25, Lair:3)
  21 +0 stones
(39, 25, Lair:3)
  a +0,+0 dagger
(23, 30, Lair:3)
  37 +0 darts
(-18, 34, Lair:3)
  a scroll of curse jewellery
(24, 35, Lair:3)
  a +0,+0 elven dagger
(35, 36, Lair:3)
  a cursed +0 cloak
(-3, 44, Lair:3)
  14 poisoned +0 needles
(17, 46, Lair:3)
  a +2 scale mail of fire resistance
(-1, 48, Lair:3)
  31 +0 arrows
(39, 49, Lair:3)
  a -1,+1 orcish spear
(20, 53, Lair:3)
  26 +0 arrows

Level 4 of the Lair of Beasts
(0, 0, Lair:4)
  5 poisoned +0 needles
(-33, 3, Lair:4)
  a +0,+0 mace
(-41, 4, Lair:4)
  a +2,+2 quarterstaff
(12, 7, Lair:4)
  a +0,+0 hand axe
(3, 13, Lair:4)
  a +0 dwarven scale mail
(-2, 23, Lair:4)
  a +0 leather armour
(-11, 28, Lair:4)
  22 +3 arrows
(0, 34, Lair:4)
  10 +0 arrows
(-30, 37, Lair:4)
  a +0 robe
(-3, 37, Lair:4)
  6 poisoned +0 darts

Level 5 of the Lair of Beasts
(0, 0, Lair:5)
  a potion of heal wounds
(-9, 1, Lair:5)
  a +0 elven robe
(47, 10, Lair:5)
  a +0 bolt
(50, 29, Lair:5)
  a +0,+0 hand axe
(-1, 37, Lair:5)
  a poisoned +0 needle
(49, 37, Lair:5)
  a potion of poison

Level 6 of the Lair of Beasts
(0, 0, Lair:6)
  a +0,+0 quarterstaff
(3, 8, Lair:6)
  17 +0 arrows
(-41, 11, Lair:6)
  a +0,+0 spear
(-19, 14, Lair:6)
  20 +0 stones
(-19, 15, Lair:6)
  a wand of frost (0)
  a +0 animal skin
(7, 36, Lair:6)
  a +0 animal skin
(-20, 38, Lair:6)
  a +0,+0 spear
(-7, 38, Lair:6)
  a +0,+0 bow
(-17, 39, Lair:6)
  an uncursed amulet of clarity
(-11, 39, Lair:6)
  a potion of poison
(6, 39, Lair:6)
  a +0 bolt
(9, 42, Lair:6)
  a cursed +0 robe

Level 7 of the Lair of Beasts
(0, 0, Lair:7)
  24 +0 arrows
(-37, 1, Lair:7)
  21 +0 arrows
(-32, 3, Lair:7)
  a scroll of immolation
(-16, 10, Lair:7)
  22 +0 sling bullets
(-7, 22, Lair:7)
  38 +0 sling bullets
(-15, 25, Lair:7)
  a +0 animal skin
(-32, 26, Lair:7)
  18 gold pieces
(3, 28, Lair:7)
  2 +0 bolts
(-46, 29, Lair:7)
  a +0,+0 sabre

Level 8 of the Lair of Beasts
(0, 0, Lair:8)
  a +1,+2 short sword of speed
  a +0,+0 knife
(5, 14, Lair:8)
  3 +0 bolts
(20, 15, Lair:8)
  a +0 animal skin
(38, 15, Lair:8)
  a scroll of random uselessness
(10, 16, Lair:8)
  a +0 elven robe
(-13, 22, Lair:8)
  12 +3 darts of dispersal
(55, 22, Lair:8)
  a +0 chain mail
(51, 24, Lair:8)
  a +0 animal skin
(53, 25, Lair:8)
  a +0 animal skin
(2, 28, Lair:8)
  a +0,+0 battleaxe
(2, 31, Lair:8)
  29 +0 darts
(30, 34, Lair:8)
  12 exploding +0 darts
(-3, 37, Lair:8)
  a wand of frost (17)
(25, 44, Lair:8)
  a +0 animal skin
(52, 53, Lair:8)
  a wand of slowing (3)
  a wand of slowing (5)

Level 1 of the Swamp
(-5, 39, Swamp:1)
  a +0 animal skin
(-59, 45, Swamp:1)
  a +2 plate mail
(-60, 49, Swamp:1)
  a +0,+0 hand axe
(-14, 51, Swamp:1)
  a +0,+2 war axe

Level 2 of the Swamp
(0, 0, Swamp:2)
  a cursed -2 blowgun
(1, 2, Swamp:2)
  a giant toad skeleton
(13, 7, Swamp:2)
  2 potions of poison
(2, 8, Swamp:2)
  12 poisoned +0 needles
(35, 33, Swamp:2)
  a +0,+0 war axe
(-26, 36, Swamp:2)
  a +0,+0 flail
(33, 38, Swamp:2)
  the +9,+7 quarterstaff of the Four Suns
    It is especially effective against all of orcish descent.
    
    
    It protects you from cold.
    It insulates you from electricity.
(5, 40, Swamp:2)
  a +0 robe
(-26, 43, Swamp:2)
  5 +0 javelins of penetration

Level 1 of the Hive
(0, 0, Hive:1)
  24 +0 darts
(-9, 12, Hive:1)
  a +0,+3 hammer of draining
(34, 17, Hive:1)
  a +0,+0 quarterstaff
(-13, 19, Hive:1)
  a +0,+0 whip
(0, 20, Hive:1)
  an uncursed amulet of warding
(-15, 21, Hive:1)
  an uncursed amulet of controlled flight
  a scroll of detect curse
(-11, 29, Hive:1)
  a +0 bolt
(46, 30, Hive:1)
  a +0,+0 dwarven flail

Level 2 of the Hive
(0, 0, Hive:2)
  a +0,+0 trident
(15, 1, Hive:2)
  a +0,+0 hand axe
(11, 8, Hive:2)
  a +3,+1 dwarven hand axe
(-27, 13, Hive:2)
  a +1,+1 hammer
(-5, 21, Hive:2)
  a scroll of curse weapon
(-23, 22, Hive:2)
  13 +0 sling bullets
(-9, 22, Hive:2)
  an uncursed amulet of resist corrosion
(1, 22, Hive:2)
  a +0,+0 dagger
(15, 25, Hive:2)
  a +0 ring mail
(-4, 28, Hive:2)
  2 +0 bolts
(-16, 31, Hive:2)
  a box of beasts
(6, 31, Hive:2)
  23 +2 arrows
(-19, 33, Hive:2)
  32 +0 stones
(-13, 33, Hive:2)
  17 +0 bolts
(4, 36, Hive:2)
  a scroll of noise
  a +2,+1 quarterstaff
(7, 36, Hive:2)
  a +2 elven scale mail of fire resistance
(-5, 39, Hive:2)
  21 +0 stones

